pwd
ls
cd
cd web
ls
cd ..
ls
cd
cd portfolio
pwd
cd home
ls
cd home
git init
git config --global user.email "yasmine.marsily@hotmail.com

git config --global user.name "Yasmine Marsily"
git remote add origin https://github.com/YM3105/portfolio.git
git status 
tunke: /home $ 
tunke: /home $ cd tunke
tunke: ~ $ cd portfolio
tunke: ~/portfolio $ git init
Initialized empty Git repository in /home/tunke/portfolio/.git/
tunke: ~/portfolio $ git config --global user.email "tunkelauriks@hotmail.be"
tunke: ~/portfolio $ git config --global user.name "Tunke"
tunke: ~/portfolio $ git remote add origin https://github.com/Tunke/portfolio.git
tunke: ~/portfolio $ git status
On branch master
Initial commit
Untracked files:
nothing added to commit but untracked files present (use "git add" to track)
tunke: ~/portfolio $ git add .
tunke: ~/portfolio $ git status
On branch master
Initial commit
Changes to be committed:
tunke: ~/portfolio $ git commit -an "mijn allereerste commit"                                             
fatal: Paths with -a does not make sense.
tunke: ~/portfolio $ git commit -am "mijn allereerste commit"
[master (root-commit) 2199fd0] mijn allereerste commit
